
===== Testing Small Teams News Feed =====

Testing Southampton...
node : [rss-aggregator] Database not available (Operation `rss_feeds.find()` buffering timed out after 
10000ms), using config fallback
At line:1 char:1
+ node test_small_teams_news.js 2>&1 > test_output.txt; Select-String " ...
+ ~~~~~~~~~~~~~~~~~~~~~~~~~~~~~~~~~~~~~~~~~~~~~~~~~~~~
    + CategoryInfo          : NotSpecified: ([rss-aggregator...config fallback:String) [], RemoteExcep 
   tion
    + FullyQualifiedErrorId : NativeCommandError
 
[rss-aggregator] Error fetching Marca English: Request failed with status code 404
[rss-aggregator] Error fetching Goal.com: Request failed with status code 404
[rss-warning] No valid article URL found for "The story of a successful British WWII deception 
operation", skipping
[rss-warning] Available URLs were: [
  'https://www.bbc.co.uk/iplayer/episode/m002p282?at_mid=HWt52u3JVO&at_campaign=Operation_Mincemeat&at_
medium=display_ad&at_campaign_type=owned&at_nation=NET&at_audience_id=SS&at_product=iplayer&at_brand=m0
02p282&at_ptr_name=bbc&at_ptr_type=media&at_format=image&at_objective=consumption&at_link_title=Operati
on_Mincemeat&at_bbc_team=BBC',
  {
    _: 'https://www.bbc.co.uk/iplayer/episode/m002p282?at_mid=HWt52u3JVO&at_campaign=Operation_Mincemea
t&at_medium=display_ad&at_campaign_type=owned&at_nation=NET&at_audience_id=SS&at_product=iplayer&at_bra
nd=m002p282&at_ptr_name=bbc&at_ptr_type=media&at_format=image&at_objective=consumption&at_link_title=Op
eration_Mincemeat&at_bbc_team=BBC#9',
    '$': { isPermaLink: 'false' }
  }
]
[rss-warning] No valid article URL found for "Carrick or Solskjaer? Rooney reveals who should take 
over at Man Utd", skipping
[rss-warning] Available URLs were: [
  'https://www.bbc.co.uk/sounds/play/p0mtkdv5?at_medium=RSS&at_campaign=rss',
  {
    _: 'https://www.bbc.co.uk/sounds/play/p0mtkdv5#4',
    '$': { isPermaLink: 'false' }
  }
]
[rss-warning] No valid article URL found for "BBC Women's Football Weekly", skipping
[rss-warning] Available URLs were: [
  'https://www.bbc.co.uk/sounds/play/p0mtlg0g?at_medium=RSS&at_campaign=rss',
  {
    _: 'https://www.bbc.co.uk/sounds/play/p0mtlg0g#4',
    '$': { isPermaLink: 'false' }
  }
]
[rss-warning] No valid article URL found for "The story of a successful British WWII deception 
operation", skipping
[rss-warning] Available URLs were: [
  'https://www.bbc.co.uk/iplayer/episode/m002p282?at_mid=HWt52u3JVO&at_campaign=Operation_Mincemeat&at_
medium=display_ad&at_campaign_type=owned&at_nation=NET&at_audience_id=SS&at_product=iplayer&at_brand=m0
02p282&at_ptr_name=bbc&at_ptr_type=media&at_format=image&at_objective=consumption&at_link_title=Operati
on_Mincemeat&at_bbc_team=BBC',
  {
    _: 'https://www.bbc.co.uk/iplayer/episode/m002p282?at_mid=HWt52u3JVO&at_campaign=Operation_Mincemea
t&at_medium=display_ad&at_campaign_type=owned&at_nation=NET&at_audience_id=SS&at_product=iplayer&at_bra
nd=m002p282&at_ptr_name=bbc&at_ptr_type=media&at_format=image&at_objective=consumption&at_link_title=Op
eration_Mincemeat&at_bbc_team=BBC#11',
    '$': { isPermaLink: 'false' }
  }
]
[rss-warning] No valid article URL found for "Ross County disrupt Championship & Stenhousemuir rampant 
in League 1", skipping
[rss-warning] Available URLs were: [
  'https://www.bbc.co.uk/sounds/play/p0mtpb52?at_medium=RSS&at_campaign=rss',
  {
    _: 'https://www.bbc.co.uk/sounds/play/p0mtpb52#13',
    '$': { isPermaLink: 'false' }
  }
]
[rss-warning] No valid article URL found for "BBC Women's Football Weekly", skipping
[rss-warning] Available URLs were: [
  'https://www.bbc.co.uk/sounds/play/p0mtlg0g?at_medium=RSS&at_campaign=rss',
  {
    _: 'https://www.bbc.co.uk/sounds/play/p0mtlg0g#15',
    '$': { isPermaLink: 'false' }
  }
]
[rss-warning] No valid article URL found for "Cajuste: 'We've grown as a team'", skipping
[rss-warning] Available URLs were: [
  'https://www.bbc.co.uk/sounds/play/p0mrn9lh?at_medium=RSS&at_campaign=rss',
  {
    _: 'https://www.bbc.co.uk/sounds/play/p0mrn9lh#5',
    '$': { isPermaLink: 'false' }
  }
]
[rss-warning] No valid article URL found for "Tom Ince: 'I still know how to find the net'", skipping
[rss-warning] Available URLs were: [
  'https://www.bbc.co.uk/sounds/play/p0mrnc8c?at_medium=RSS&at_campaign=rss',
  {
    _: 'https://www.bbc.co.uk/sounds/play/p0mrnc8c#5',
    '$': { isPermaLink: 'false' }
  }
]
[rss-warning] No valid article URL found for "Struber: 'A really good performance'", skipping
[rss-warning] Available URLs were: [
  'https://www.bbc.co.uk/sounds/play/p0mrn0w7?at_medium=RSS&at_campaign=rss',
  {
    _: 'https://www.bbc.co.uk/sounds/play/p0mrn0w7#5',
    '$': { isPermaLink: 'false' }
  }
]
[rss-warning] No valid article URL found for "Robins: 'The way we tried to play was great'", skipping
[rss-warning] Available URLs were: [
  'https://www.bbc.co.uk/sounds/play/p0mrn2dg?at_medium=RSS&at_campaign=rss',
  {
    _: 'https://www.bbc.co.uk/sounds/play/p0mrn2dg#5',
    '$': { isPermaLink: 'false' }
  }
]
Ô£ô Found 2 articles for Southampton
  Sample articles:
    1. "Stoke sign Southampton goalkeeper Bazunu on loan..."
    2. "QPR sign defender Edwards from Southampton..."

Testing Reading...
[rss-aggregator] Database not available (Operation `rss_feeds.find()` buffering timed out after 
10000ms), using config fallback
[rss-aggregator] Error fetching Marca English: Request failed with status code 404
[rss-aggregator] Error fetching Goal.com: Request failed with status code 404
[rss-warning] No valid article URL found for "Cajuste: 'We've grown as a team'", skipping
[rss-warning] Available URLs were: [
  'https://www.bbc.co.uk/sounds/play/p0mrn9lh?at_medium=RSS&at_campaign=rss',
  {
    _: 'https://www.bbc.co.uk/sounds/play/p0mrn9lh#5',
    '$': { isPermaLink: 'false' }
  }
]
[rss-warning] No valid article URL found for "Tom Ince: 'I still know how to find the net'", skipping
[rss-warning] Available URLs were: [
  'https://www.bbc.co.uk/sounds/play/p0mrnc8c?at_medium=RSS&at_campaign=rss',
  {
    _: 'https://www.bbc.co.uk/sounds/play/p0mrnc8c#5',
    '$': { isPermaLink: 'false' }
  }
]
[rss-warning] No valid article URL found for "Struber: 'A really good performance'", skipping
[rss-warning] Available URLs were: [
  'https://www.bbc.co.uk/sounds/play/p0mrn0w7?at_medium=RSS&at_campaign=rss',
  {
    _: 'https://www.bbc.co.uk/sounds/play/p0mrn0w7#5',
    '$': { isPermaLink: 'false' }
  }
]
[rss-warning] No valid article URL found for "Robins: 'The way we tried to play was great'", skipping
[rss-warning] Available URLs were: [
  'https://www.bbc.co.uk/sounds/play/p0mrn2dg?at_medium=RSS&at_campaign=rss',
  {
    _: 'https://www.bbc.co.uk/sounds/play/p0mrn2dg#5',
    '$': { isPermaLink: 'false' }
  }
]
[rss-warning] No valid article URL found for "The story of a successful British WWII deception 
operation", skipping
[rss-warning] Available URLs were: [
  'https://www.bbc.co.uk/iplayer/episode/m002p282?at_mid=HWt52u3JVO&at_campaign=Operation_Mincemeat&at_
medium=display_ad&at_campaign_type=owned&at_nation=NET&at_audience_id=SS&at_product=iplayer&at_brand=m0
02p282&at_ptr_name=bbc&at_ptr_type=media&at_format=image&at_objective=consumption&at_link_title=Operati
on_Mincemeat&at_bbc_team=BBC',
  {
    _: 'https://www.bbc.co.uk/iplayer/episode/m002p282?at_mid=HWt52u3JVO&at_campaign=Operation_Mincemea
t&at_medium=display_ad&at_campaign_type=owned&at_nation=NET&at_audience_id=SS&at_product=iplayer&at_bra
nd=m002p282&at_ptr_name=bbc&at_ptr_type=media&at_format=image&at_objective=consumption&at_link_title=Op
eration_Mincemeat&at_bbc_team=BBC#9',
    '$': { isPermaLink: 'false' }
  }
]
[rss-warning] No valid article URL found for "Carrick or Solskjaer? Rooney reveals who should take 
over at Man Utd", skipping
[rss-warning] Available URLs were: [
  'https://www.bbc.co.uk/sounds/play/p0mtkdv5?at_medium=RSS&at_campaign=rss',
  {
    _: 'https://www.bbc.co.uk/sounds/play/p0mtkdv5#4',
    '$': { isPermaLink: 'false' }
  }
]
[rss-warning] No valid article URL found for "BBC Women's Football Weekly", skipping
[rss-warning] Available URLs were: [
  'https://www.bbc.co.uk/sounds/play/p0mtlg0g?at_medium=RSS&at_campaign=rss',
  {
    _: 'https://www.bbc.co.uk/sounds/play/p0mtlg0g#4',
    '$': { isPermaLink: 'false' }
  }
]
[rss-warning] No valid article URL found for "The story of a successful British WWII deception 
operation", skipping
[rss-warning] Available URLs were: [
  'https://www.bbc.co.uk/iplayer/episode/m002p282?at_mid=HWt52u3JVO&at_campaign=Operation_Mincemeat&at_
medium=display_ad&at_campaign_type=owned&at_nation=NET&at_audience_id=SS&at_product=iplayer&at_brand=m0
02p282&at_ptr_name=bbc&at_ptr_type=media&at_format=image&at_objective=consumption&at_link_title=Operati
on_Mincemeat&at_bbc_team=BBC',
  {
    _: 'https://www.bbc.co.uk/iplayer/episode/m002p282?at_mid=HWt52u3JVO&at_campaign=Operation_Mincemea
t&at_medium=display_ad&at_campaign_type=owned&at_nation=NET&at_audience_id=SS&at_product=iplayer&at_bra
nd=m002p282&at_ptr_name=bbc&at_ptr_type=media&at_format=image&at_objective=consumption&at_link_title=Op
eration_Mincemeat&at_bbc_team=BBC#11',
    '$': { isPermaLink: 'false' }
  }
]
[rss-warning] No valid article URL found for "Ross County disrupt Championship & Stenhousemuir rampant 
in League 1", skipping
[rss-warning] Available URLs were: [
  'https://www.bbc.co.uk/sounds/play/p0mtpb52?at_medium=RSS&at_campaign=rss',
  {
    _: 'https://www.bbc.co.uk/sounds/play/p0mtpb52#13',
    '$': { isPermaLink: 'false' }
  }
]
[rss-warning] No valid article URL found for "BBC Women's Football Weekly", skipping
[rss-warning] Available URLs were: [
  'https://www.bbc.co.uk/sounds/play/p0mtlg0g?at_medium=RSS&at_campaign=rss',
  {
    _: 'https://www.bbc.co.uk/sounds/play/p0mtlg0g#15',
    '$': { isPermaLink: 'false' }
  }
]
Ô£ô Found 0 articles for Reading
ÔÜá WARNING: No articles found for Reading!

Testing Burnley...
[rss-aggregator] Database not available (Operation `rss_feeds.find()` buffering timed out after 
10000ms), using config fallback
[rss-aggregator] Error fetching Marca English: Request failed with status code 404
[rss-aggregator] Error fetching Goal.com: Request failed with status code 404
[rss-warning] No valid article URL found for "The story of a successful British WWII deception 
operation", skipping
[rss-warning] Available URLs were: [
  'https://www.bbc.co.uk/iplayer/episode/m002p282?at_mid=HWt52u3JVO&at_campaign=Operation_Mincemeat&at_
medium=display_ad&at_campaign_type=owned&at_nation=NET&at_audience_id=SS&at_product=iplayer&at_brand=m0
02p282&at_ptr_name=bbc&at_ptr_type=media&at_format=image&at_objective=consumption&at_link_title=Operati
on_Mincemeat&at_bbc_team=BBC',
  {
    _: 'https://www.bbc.co.uk/iplayer/episode/m002p282?at_mid=HWt52u3JVO&at_campaign=Operation_Mincemea
t&at_medium=display_ad&at_campaign_type=owned&at_nation=NET&at_audience_id=SS&at_product=iplayer&at_bra
nd=m002p282&at_ptr_name=bbc&at_ptr_type=media&at_format=image&at_objective=consumption&at_link_title=Op
eration_Mincemeat&at_bbc_team=BBC#9',
    '$': { isPermaLink: 'false' }
  }
]
[rss-warning] No valid article URL found for "Cajuste: 'We've grown as a team'", skipping
[rss-warning] Available URLs were: [
  'https://www.bbc.co.uk/sounds/play/p0mrn9lh?at_medium=RSS&at_campaign=rss',
  {
    _: 'https://www.bbc.co.uk/sounds/play/p0mrn9lh#5',
    '$': { isPermaLink: 'false' }
  }
]
[rss-warning] No valid article URL found for "Tom Ince: 'I still know how to find the net'", skipping
[rss-warning] Available URLs were: [
  'https://www.bbc.co.uk/sounds/play/p0mrnc8c?at_medium=RSS&at_campaign=rss',
  {
    _: 'https://www.bbc.co.uk/sounds/play/p0mrnc8c#5',
    '$': { isPermaLink: 'false' }
  }
]
[rss-warning] No valid article URL found for "Struber: 'A really good performance'", skipping
[rss-warning] Available URLs were: [
  'https://www.bbc.co.uk/sounds/play/p0mrn0w7?at_medium=RSS&at_campaign=rss',
  {
    _: 'https://www.bbc.co.uk/sounds/play/p0mrn0w7#5',
    '$': { isPermaLink: 'false' }
  }
]
[rss-warning] No valid article URL found for "Robins: 'The way we tried to play was great'", skipping
[rss-warning] Available URLs were: [
  'https://www.bbc.co.uk/sounds/play/p0mrn2dg?at_medium=RSS&at_campaign=rss',
  {
    _: 'https://www.bbc.co.uk/sounds/play/p0mrn2dg#5',
    '$': { isPermaLink: 'false' }
  }
]
[rss-warning] No valid article URL found for "Carrick or Solskjaer? Rooney reveals who should take 
over at Man Utd", skipping
[rss-warning] Available URLs were: [
  'https://www.bbc.co.uk/sounds/play/p0mtkdv5?at_medium=RSS&at_campaign=rss',
  {
    _: 'https://www.bbc.co.uk/sounds/play/p0mtkdv5#4',
    '$': { isPermaLink: 'false' }
  }
]
[rss-warning] No valid article URL found for "BBC Women's Football Weekly", skipping
[rss-warning] Available URLs were: [
  'https://www.bbc.co.uk/sounds/play/p0mtlg0g?at_medium=RSS&at_campaign=rss',
  {
    _: 'https://www.bbc.co.uk/sounds/play/p0mtlg0g#4',
    '$': { isPermaLink: 'false' }
  }
]
[rss-warning] No valid article URL found for "The story of a successful British WWII deception 
operation", skipping
[rss-warning] Available URLs were: [
  'https://www.bbc.co.uk/iplayer/episode/m002p282?at_mid=HWt52u3JVO&at_campaign=Operation_Mincemeat&at_
medium=display_ad&at_campaign_type=owned&at_nation=NET&at_audience_id=SS&at_product=iplayer&at_brand=m0
02p282&at_ptr_name=bbc&at_ptr_type=media&at_format=image&at_objective=consumption&at_link_title=Operati
on_Mincemeat&at_bbc_team=BBC',
  {
    _: 'https://www.bbc.co.uk/iplayer/episode/m002p282?at_mid=HWt52u3JVO&at_campaign=Operation_Mincemea
t&at_medium=display_ad&at_campaign_type=owned&at_nation=NET&at_audience_id=SS&at_product=iplayer&at_bra
nd=m002p282&at_ptr_name=bbc&at_ptr_type=media&at_format=image&at_objective=consumption&at_link_title=Op
eration_Mincemeat&at_bbc_team=BBC#11',
    '$': { isPermaLink: 'false' }
  }
]
[rss-warning] No valid article URL found for "Ross County disrupt Championship & Stenhousemuir rampant 
in League 1", skipping
[rss-warning] Available URLs were: [
  'https://www.bbc.co.uk/sounds/play/p0mtpb52?at_medium=RSS&at_campaign=rss',
  {
    _: 'https://www.bbc.co.uk/sounds/play/p0mtpb52#13',
    '$': { isPermaLink: 'false' }
  }
]
[rss-warning] No valid article URL found for "BBC Women's Football Weekly", skipping
[rss-warning] Available URLs were: [
  'https://www.bbc.co.uk/sounds/play/p0mtlg0g?at_medium=RSS&at_campaign=rss',
  {
    _: 'https://www.bbc.co.uk/sounds/play/p0mtlg0g#15',
    '$': { isPermaLink: 'false' }
  }
]
Ô£ô Found 3 articles for Burnley
  Sample articles:
    1. "Parker pleased with 'big point' for Burnley against Man Utd..."
    2. "Man Utd did more than enough to win - Fletcher..."

Testing Liverpool...
[rss-aggregator] Database not available (Operation `rss_feeds.find()` buffering timed out after 
10000ms), using config fallback
[rss-aggregator] Error fetching Marca English: Request failed with status code 404
[rss-aggregator] Error fetching Goal.com: Request failed with status code 404
[rss-warning] No valid article URL found for "Carrick or Solskjaer? Rooney reveals who should take 
over at Man Utd", skipping
[rss-warning] Available URLs were: [
  'https://www.bbc.co.uk/sounds/play/p0mtkdv5?at_medium=RSS&at_campaign=rss',
  {
    _: 'https://www.bbc.co.uk/sounds/play/p0mtkdv5#4',
    '$': { isPermaLink: 'false' }
  }
]
[rss-warning] No valid article URL found for "BBC Women's Football Weekly", skipping
[rss-warning] Available URLs were: [
  'https://www.bbc.co.uk/sounds/play/p0mtlg0g?at_medium=RSS&at_campaign=rss',
  {
    _: 'https://www.bbc.co.uk/sounds/play/p0mtlg0g#4',
    '$': { isPermaLink: 'false' }
  }
]
[rss-warning] No valid article URL found for "The story of a successful British WWII deception 
operation", skipping
[rss-warning] Available URLs were: [
  'https://www.bbc.co.uk/iplayer/episode/m002p282?at_mid=HWt52u3JVO&at_campaign=Operation_Mincemeat&at_
medium=display_ad&at_campaign_type=owned&at_nation=NET&at_audience_id=SS&at_product=iplayer&at_brand=m0
02p282&at_ptr_name=bbc&at_ptr_type=media&at_format=image&at_objective=consumption&at_link_title=Operati
on_Mincemeat&at_bbc_team=BBC',
  {
    _: 'https://www.bbc.co.uk/iplayer/episode/m002p282?at_mid=HWt52u3JVO&at_campaign=Operation_Mincemea
t&at_medium=display_ad&at_campaign_type=owned&at_nation=NET&at_audience_id=SS&at_product=iplayer&at_bra
nd=m002p282&at_ptr_name=bbc&at_ptr_type=media&at_format=image&at_objective=consumption&at_link_title=Op
eration_Mincemeat&at_bbc_team=BBC#11',
    '$': { isPermaLink: 'false' }
  }
]
[rss-warning] No valid article URL found for "Ross County disrupt Championship & Stenhousemuir rampant 
in League 1", skipping
[rss-warning] Available URLs were: [
  'https://www.bbc.co.uk/sounds/play/p0mtpb52?at_medium=RSS&at_campaign=rss',
  {
    _: 'https://www.bbc.co.uk/sounds/play/p0mtpb52#13',
    '$': { isPermaLink: 'false' }
  }
]
[rss-warning] No valid article URL found for "BBC Women's Football Weekly", skipping
[rss-warning] Available URLs were: [
  'https://www.bbc.co.uk/sounds/play/p0mtlg0g?at_medium=RSS&at_campaign=rss',
  {
    _: 'https://www.bbc.co.uk/sounds/play/p0mtlg0g#15',
    '$': { isPermaLink: 'false' }
  }
]
[rss-warning] No valid article URL found for "The story of a successful British WWII deception 
operation", skipping
[rss-warning] Available URLs were: [
  'https://www.bbc.co.uk/iplayer/episode/m002p282?at_mid=HWt52u3JVO&at_campaign=Operation_Mincemeat&at_
medium=display_ad&at_campaign_type=owned&at_nation=NET&at_audience_id=SS&at_product=iplayer&at_brand=m0
02p282&at_ptr_name=bbc&at_ptr_type=media&at_format=image&at_objective=consumption&at_link_title=Operati
on_Mincemeat&at_bbc_team=BBC',
  {
    _: 'https://www.bbc.co.uk/iplayer/episode/m002p282?at_mid=HWt52u3JVO&at_campaign=Operation_Mincemea
t&at_medium=display_ad&at_campaign_type=owned&at_nation=NET&at_audience_id=SS&at_product=iplayer&at_bra
nd=m002p282&at_ptr_name=bbc&at_ptr_type=media&at_format=image&at_objective=consumption&at_link_title=Op
eration_Mincemeat&at_bbc_team=BBC#9',
    '$': { isPermaLink: 'false' }
  }
]
[rss-warning] No valid article URL found for "Cajuste: 'We've grown as a team'", skipping
[rss-warning] Available URLs were: [
  'https://www.bbc.co.uk/sounds/play/p0mrn9lh?at_medium=RSS&at_campaign=rss',
  {
    _: 'https://www.bbc.co.uk/sounds/play/p0mrn9lh#5',
    '$': { isPermaLink: 'false' }
  }
]
[rss-warning] No valid article URL found for "Tom Ince: 'I still know how to find the net'", skipping
[rss-warning] Available URLs were: [
  'https://www.bbc.co.uk/sounds/play/p0mrnc8c?at_medium=RSS&at_campaign=rss',
  {
    _: 'https://www.bbc.co.uk/sounds/play/p0mrnc8c#5',
    '$': { isPermaLink: 'false' }
  }
]
[rss-warning] No valid article URL found for "Struber: 'A really good performance'", skipping
[rss-warning] Available URLs were: [
  'https://www.bbc.co.uk/sounds/play/p0mrn0w7?at_medium=RSS&at_campaign=rss',
  {
    _: 'https://www.bbc.co.uk/sounds/play/p0mrn0w7#5',
    '$': { isPermaLink: 'false' }
  }
]
[rss-warning] No valid article URL found for "Robins: 'The way we tried to play was great'", skipping
[rss-warning] Available URLs were: [
  'https://www.bbc.co.uk/sounds/play/p0mrn2dg?at_medium=RSS&at_campaign=rss',
  {
    _: 'https://www.bbc.co.uk/sounds/play/p0mrn2dg#5',
    '$': { isPermaLink: 'false' }
  }
]
Ô£ô Found 19 articles for Liverpool
  Sample articles:
    1. "A 'weird' and 'incredible' error - but was Szoboszlai disres..."
    2. "A 'weird' and 'incredible' error - but was Szoboszlai disres..."

===== Test Complete =====

